// Jest Snapshot v1, https://goo.gl/fbAQLP

exports[`should render NotFoundPage correctly 1`] = `
<div>
  <h1>
    404
  </h1>
  <h2>
    This is not the web page you are looking for.
  </h2>
  <Link
    replace={false}
    to="/"
  >
    Go Home!
  </Link>
</div>
`;
